To honour the JVM settings for this build a single-use Daemon process will be forked. For more on this, please refer to https://docs.gradle.org/9.8.0/userguide/gradle_daemon.html#sec:disabling_the_daemon in the Gradle documentation.
Daemon will be stopped at the end of the build 

> Configure project :
Fabric Loom: 1.17.21

> Task :compileJava
Note: Some input files use or override a deprecated API.
Note: Recompile with -Xlint:deprecation for details.
Note: Some input files use unchecked or unsafe operations.
Note: Recompile with -Xlint:unchecked for details.

> Task :processResources
> Task :classes

> Task :compileClientJava
Note: Some input files use or override a deprecated API.
Note: Recompile with -Xlint:deprecation for details.
Note: Some input files use unchecked or unsafe operations.
Note: Recompile with -Xlint:unchecked for details.

> Task :processClientResources
> Task :processIncludeJars
> Task :jar
> Task :sourcesJar
> Task :assemble
> Task :serverJar
> Task :clientClasses
> Task :compileTestJava NO-SOURCE
> Task :processTestResources NO-SOURCE
> Task :testClasses UP-TO-DATE
> Task :test NO-SOURCE
> Task :validateAccessWidener
> Task :check
> Task :build
gradle/actions: Writing build results to /home/runner/work/_temp/.gradle-actions/build-results/__run-1791185908872.json

[Incubating] Problems report is available at: file://build/reports/problems/problems-report.html

BUILD SUCCESSFUL in 54s
9 actionable tasks: 9 executed
