Starting net.fabricmc.loader.impl.game.minecraft.BundlerClassPathCapture
[07:43:59] [main/INFO]: Loading Minecraft 26.3 with Fabric Loader 0.19.5
[07:43:59] [main/INFO]: Mappings not present!
[07:43:59] [main/INFO]: Loading 43 mods:
	- create 6.0.9-1
	- fabric-api 0.161.0+26.3
	   |-- fabric-advancement-api-v1 1.0.0+38c7a2d55d
	   |-- fabric-api-base 2.0.6+fcdff87f5d
	   |-- fabric-api-lookup-api-v1 2.0.24+3434d6d95d
	   |-- fabric-biome-api-v1 20.0.9+74ed1ea55d
	   |-- fabric-block-api-v1 3.1.0+0ae6f9115d
	   |-- fabric-block-getter-api-v2 2.0.9+3434d6d95d
	   |-- fabric-command-api-v2 3.1.2+fcdff87f5d
	   |-- fabric-content-registries-v0 15.0.4+74ed1ea55d
	   |-- fabric-convention-tags-v2 4.10.3+6b5b47fd5d
	   |-- fabric-crash-report-info-v1 1.0.7+fcdff87f5d
	   |-- fabric-creative-tab-api-v1 5.0.21+fcdff87f5d
	   |-- fabric-data-attachment-api-v1 2.2.30+3434d6d95d
	   |-- fabric-data-generation-api-v1 27.2.4+427eab975d
	   |-- fabric-debug-api-v1 1.0.4+3434d6d95d
	   |-- fabric-dimensions-v1 5.1.19+47f74c985d
	   |-- fabric-entity-events-v1 6.0.4+3434d6d95d
	   |-- fabric-events-interaction-v0 5.3.6+3434d6d95d
	   |-- fabric-game-rule-api-v1 4.0.10+3434d6d95d
	   |-- fabric-item-api-v1 14.7.0+cf6bc2db5d
	   |-- fabric-lifecycle-events-v1 4.1.9+ffef5f675d
	   |-- fabric-loot-api-v3 4.0.8+4068fd645d
	   |-- fabric-menu-api-v1 2.0.27+ed66f0a35d
	   |-- fabric-message-api-v1 7.0.10+3434d6d95d
	   |-- fabric-networking-api-v1 6.3.8+fcdff87f5d
	   |-- fabric-object-builder-api-v1 24.1.9+3434d6d95d
	   |-- fabric-particles-v1 5.0.24+3434d6d95d
	   |-- fabric-permission-api-v1 1.0.8+fcdff87f5d
	   |-- fabric-recipe-api-v1 10.0.8+fcdff87f5d
	   |-- fabric-registry-sync-v0 8.0.1+fcdff87f5d
	   |-- fabric-rendering-fluids-v1 6.0.6+3434d6d95d
	   |-- fabric-resource-conditions-api-v1 6.1.5+3434d6d95d
	   |-- fabric-resource-loader-v0 3.3.26+4fc5413f5d
	   |-- fabric-resource-loader-v1 3.0.4+fcdff87f5d
	   |-- fabric-serialization-api-v1 2.0.7+74ed1ea55d
	   |-- fabric-tag-api-v1 2.1.10+fcdff87f5d
	   |-- fabric-transfer-api-v1 8.0.25+fcdff87f5d
	   \-- fabric-transitive-access-wideners-v1 8.1.16+52268a0e5d
	- fabricloader 0.19.5
	   \-- mixinextras 0.5.5
	- java 25
	- minecraft 26.3
[07:43:59] [main/INFO]: SpongePowered MIXIN Subsystem Version=0.8.7 Source=file:/home/runner/work/create-fly-fly/create-fly-fly/server/libraries/net/fabricmc/sponge-mixin/0.17.4+mixin.0.8.7/sponge-mixin-0.17.4+mixin.0.8.7.jar Service=Knot/Fabric Env=SERVER
[07:44:00] [main/INFO]: Initializing MixinExtras via com.llamalad7.mixinextras.service.MixinExtrasServiceImpl(version=0.5.5).
WARNING: A terminally deprecated method in sun.misc.Unsafe has been called
WARNING: sun.misc.Unsafe::objectFieldOffset has been called by org.joml.MemUtil$MemUtilUnsafe (file:/home/runner/work/create-fly-fly/create-fly-fly/server/libraries/org/joml/joml/1.10.9/joml-1.10.9.jar)
WARNING: Please consider reporting this to the maintainers of class org.joml.MemUtil$MemUtilUnsafe
WARNING: sun.misc.Unsafe::objectFieldOffset will be removed in a future release
[07:44:08] [main/INFO]: Environment: Environment[discoveryUrl=https://discovery.minecraftservices.com/minecraft/client, name=PROD]
[07:44:11] [Worker-Main-3/INFO]: Loaded 2971 advancements
[07:44:11] [main/INFO]: Applied 0 biome modifications to 0 of 67 new biomes in 1.655 ms
[07:44:11] [Server thread/INFO]: Starting minecraft server version 26.3
[07:44:11] [Server thread/INFO]: Loading properties
[07:44:11] [Server thread/INFO]: Default game type: CREATIVE
[07:44:11] [Server thread/INFO]: Generating keypair
[07:44:11] [Server thread/INFO]: Starting Minecraft server on *:25565
[07:44:11] [Server thread/WARN]: **** SERVER IS RUNNING IN OFFLINE/INSECURE MODE!
[07:44:11] [Server thread/WARN]: The server will make no attempt to authenticate usernames. Beware.
[07:44:11] [Server thread/WARN]: While this makes the game possible to play without internet access, it also opens up the ability for hackers to connect with any username they choose.
[07:44:11] [Server thread/WARN]: To change this, set "online-mode" to "true" in the server.properties file.
[07:44:11] [Server thread/INFO]: Preparing level "world"
[07:44:12] [Server thread/INFO]: Loading 49 persistent chunks...
[07:44:12] [Server thread/INFO]: Preparing spawn area: 16%
[07:44:12] [Server thread/INFO]: Preparing spawn area: 16%
[07:44:13] [Server thread/INFO]: Preparing spawn area: 16%
[07:44:13] [Server thread/INFO]: Preparing spawn area: 16%
[07:44:13] [Server thread/INFO]: Time elapsed: 1711 ms
[07:44:13] [Server thread/INFO]: Done (2.137s)! For help, type "help"
[07:44:13] [Server thread/INFO]: Saving chunks for level 'ServerLevel[world]'/minecraft:overworld
[07:44:14] [Server thread/INFO]: Saving chunks for level 'ServerLevel[world]'/minecraft:the_end
[07:44:14] [Server thread/INFO]: Saving chunks for level 'ServerLevel[world]'/minecraft:the_nether
[07:44:14] [Server thread/INFO]: Force-loading class net.minecraft.data.recipes.SmithingTrimRecipeBuilder
[07:44:14] [Server thread/INFO]: Force-loading class net.minecraft.data.recipes.SingleItemRecipeBuilder
[07:44:14] [Server thread/INFO]: Force-loading class net.minecraft.data.recipes.SmithingTransformRecipeBuilder
[07:44:14] [Server thread/INFO]: Force-loading class net.minecraft.world.level.redstone.CollectingNeighborUpdater$MultiNeighborUpdate
[07:44:14] [Server thread/INFO]: Force-loading class net.minecraft.server.PlayerAdvancements
[07:44:14] [Server thread/INFO]: Force-loading class net.minecraft.server.network.config.SynchronizeRegistriesTask
[07:44:14] [Server thread/INFO]: Force-loading class net.minecraft.data.recipes.RecipeProvider
[07:44:14] [Server thread/INFO]: Force-loading class net.minecraft.network.protocol.configuration.ServerboundSelectKnownPacks
[07:44:14] [Server thread/INFO]: Force-loading class net.minecraft.world.level.redstone.ExperimentalRedstoneWireEvaluator
[07:44:14] [Server thread/INFO]: Force-loading class net.minecraft.server.network.ServerHandshakePacketListenerImpl
[07:44:14] [Server thread/INFO]: Force-loading class net.minecraft.data.tags.BlockItemTagAppender
[07:44:14] [Server thread/INFO]: Force-loading class net.minecraft.data.recipes.BrewingRecipeBuilder
[07:44:14] [Server thread/INFO]: Force-loading class net.minecraft.data.registries.RegistriesDatapackGenerator
[07:44:14] [Server thread/INFO]: Force-loading class net.minecraft.world.entity.ai.behavior.Swim
[07:44:14] [Server thread/INFO]: Force-loading class net.minecraft.server.packs.resources.SimpleJsonResourceReloadListener
[07:44:14] [Server thread/INFO]: Force-loading class net.minecraft.server.commands.DebugConfigCommand
[07:44:14] [Server thread/INFO]: Force-loading class net.minecraft.world.level.storage.loot.LootPool$Builder
[07:44:14] [Server thread/INFO]: Force-loading class net.minecraft.data.recipes.TransmuteRecipeBuilder
[07:44:14] [Server thread/INFO]: Force-loading class net.minecraft.data.tags.TagAppender
[07:44:14] [Server thread/INFO]: Force-loading class net.minecraft.network.protocol.configuration.ConfigurationProtocols
[07:44:14] [Server thread/INFO]: Force-loading class net.minecraft.server.network.ServerLoginPacketListenerImpl
[07:44:14] [Server thread/INFO]: Force-loading class net.minecraft.commands.execution.CommandQueueEntry
[07:44:14] [Server thread/INFO]: Force-loading class net.minecraft.data.recipes.RecipeProvider$1
[07:44:14] [Server thread/INFO]: Force-loading class net.minecraft.gametest.framework.GameTestServer
[07:44:14] [Server thread/INFO]: Force-loading class net.minecraft.core.RegistrySynchronization
[07:44:14] [Server thread/INFO]: Force-loading class net.minecraft.network.protocol.BundlePacket
[07:44:14] [Server thread/INFO]: Force-loading class net.minecraft.util.ParticleUtils
[07:44:14] [Server thread/INFO]: Force-loading class net.minecraft.world.CompoundContainer
[07:44:14] [Server thread/INFO]: Force-loading class net.minecraft.data.tags.TagAppender$1
[07:44:14] [Server thread/INFO]: Force-loading class net.minecraft.network.PacketEncoder
[07:44:14] [Server thread/INFO]: Force-loading class net.minecraft.data.tags.TagsProvider
[07:44:14] [Server thread/INFO]: Force-loading class net.minecraft.data.recipes.SimpleCookingRecipeBuilder
[07:44:14] [Server thread/INFO]: Force-loading class net.minecraft.data.recipes.SpecialRecipeBuilder
[07:44:14] [Server thread/INFO]: Force-loading class net.minecraft.data.recipes.ShapedRecipeBuilder
[07:44:14] [Server thread/INFO]: Force-loading class net.minecraft.tags.TagBuilder
[07:44:14] [Server thread/INFO]: Force-loading class net.minecraft.network.protocol.login.ServerboundCustomQueryAnswerPacket
[07:44:14] [Server thread/INFO]: Force-loading class net.minecraft.data.recipes.RecipeOutput
[07:44:14] [Server thread/INFO]: Force-loading class net.minecraft.world.level.block.RailState
[07:44:14] [Server thread/INFO]: Force-loading class net.minecraft.network.PacketDecoder
[07:44:14] [Server thread/INFO]: Force-loading class net.minecraft.server.dedicated.ServerWatchdog
[07:44:14] [Server thread/INFO]: Force-loading class net.minecraft.data.recipes.ShapelessRecipeBuilder
[07:44:14] [Server thread/INFO]: Force-loading class net.minecraft.data.recipes.CustomCraftingRecipeBuilder
[07:44:14] [Server thread/INFO]: Force-loading class net.minecraft.world.item.enchantment.EnchantmentHelper
[07:44:14] [Server thread/INFO]: Force-loading class net.minecraft.world.entity.ai.behavior.GiveGiftToHero
[07:44:14] [Server thread/INFO]: Force-loading class net.minecraft.data.advancements.packs.VanillaAdventureAdvancements
[07:44:14] [Server thread/INFO]: Force-loading class net.minecraft.data.loot.BlockLootSubProvider
[07:44:14] [Server thread/INFO]: Force-loading class net.minecraft.network.protocol.common.ServerboundCustomPayloadPacket
[07:44:14] [Server thread/INFO]: Force-loading class net.minecraft.network.protocol.game.GameProtocols
[07:44:14] [Server thread/INFO]: Force-loading class net.minecraft.commands.execution.tasks.BuildContexts
[07:44:14] [Server thread/INFO]: Force-loading class net.minecraft.world.entity.ai.behavior.WorkAtComposter
[07:44:14] [Server thread/INFO]: Force-loading class net.minecraft.data.HashCache
[07:44:14] [Server thread/INFO]: Force-loading class net.minecraft.data.recipes.BrewingProvider
[07:44:14] [Server thread/INFO]: Force-loading class net.minecraft.data.registries.RegistryPatchGenerator
[07:44:14] [Server thread/INFO]: Force-loading class net.minecraft.server.network.PlayerChunkSender
[07:44:14] [Server thread/INFO]: Force-loading class net.minecraft.world.item.Item$TooltipContext$2
[07:44:14] [Server thread/INFO]: Force-loading class net.minecraft.data.HashCache$ProviderCache
[07:44:14] [Server thread/INFO]: Force-loading class net.minecraft.world.level.pathfinder.PathfindingContext
[07:44:14] [Server thread/INFO]: Force-loading class com.mojang.brigadier.context.ContextChain
[07:44:14] [Server thread/INFO]: Force-loading class net.minecraft.network.codec.IdDispatchCodec
[07:44:14] [Server thread/INFO]: Force-loading class net.minecraft.data.DataProvider
[07:44:14] [Server thread/INFO]: Force-loading class net.minecraft.data.loot.EntityLootSubProvider
[07:44:14] [Server thread/INFO]: Force-loading class net.minecraft.network.protocol.login.ClientboundCustomQueryPacket
[07:44:14] [Server thread/INFO]: [MixinAudit] audit finished
[07:44:14] [Server thread/INFO]: RecipeTrie of depth 5 with 641 nodes built with 584 variants, 442 ingredients, and 790 recipes
[07:44:18] [Server thread/INFO]: [Not Secure] [Server] restart-ok
[07:44:28] [Server thread/INFO]: System chat: 4, 121, 20 has the following block data: {amount: 81000, components: {"create:fluid_max_capacity": 648000}, id: "minecraft:water"}
[07:44:28] [Server thread/INFO]: System chat: 2, 121, 4 has the following block data: {PrevPos: 0.5f, Item: {count: 1, id: "create:iron_sheet"}, Angle: 247, Pos: 0.5f, PrevOffset: -0.021296296f, InSegment: 0, InDirection: "down", Offset: -0.021296296f}
[07:44:29] [Server thread/INFO]: System chat: 3, 122, 0 has the following block data: -64.0f
[07:44:29] [Server thread/INFO]: System chat: 10, 123, 41 has the following block data: -8.0f
[07:44:29] [Server thread/INFO]: System chat: -1, 122, 36 has the following block data: [{count: 4, Slot: 0b, id: "minecraft:cobblestone"}]
[07:44:30] [Server thread/INFO]: [Not Secure] [Server] CHECK restart-contraption-ok
[07:44:40] [Server thread/INFO]: System chat: Stopping the server
[07:44:40] [Server thread/INFO]: Stopping server
[07:44:40] [Server thread/INFO]: Saving players
[07:44:40] [Server thread/INFO]: Saving worlds
[07:44:40] [Server thread/INFO]: Saving chunks for level 'ServerLevel[world]'/minecraft:overworld
[07:44:40] [Server thread/INFO]: Saving chunks for level 'ServerLevel[world]'/minecraft:the_end
[07:44:40] [Server thread/INFO]: Saving chunks for level 'ServerLevel[world]'/minecraft:the_nether
EXIT 0
